warning: field `child` is never read
  --> crates\bevy_voxel\src\grid.rs:63:5
   |
60 | struct Entry<T> {
   |        ----- field in this struct
...
63 |     child: Option<Entity>,
   |     ^^^^^
   |
   = note: `#[warn(dead_code)]` (part of `#[warn(unused)]`) on by default

warning: `voxxelmaxx` (lib) generated 1 warning
   Compiling willowblossom v0.0.1 (D:\rust_repo\willowblossom)
warning: field `round` is never read
   --> src\battle_round.rs:438:9
    |
434 | pub struct BattleEncounterEntity {
    |            --------------------- field in this struct
...
438 |     pub round: u32,
    |         ^^^^^
    |
    = note: `BattleEncounterEntity` has derived impls for the traits `Clone` and `Debug`, but these are intentionally ignored during dead code analysis
    = note: `#[warn(dead_code)]` (part of `#[warn(unused)]`) on by default

warning: fields `encounter_id`, `target_id`, and `display_name` are never read
   --> src\battle_round.rs:444:9
    |
443 | pub struct BattleParticipantEntity {
    |            ----------------------- fields in this struct
444 |     pub encounter_id: String,
    |         ^^^^^^^^^^^^
445 |     pub target_id: String,
    |         ^^^^^^^^^
446 |     pub display_name: String,
    |         ^^^^^^^^^^^^
    |
    = note: `BattleParticipantEntity` has derived impls for the traits `Clone` and `Debug`, but these are intentionally ignored during dead code analysis

warning: field `current` is never read
   --> src\battle_round.rs:451:9
    |
450 | pub struct TurnCounter {
    |            ----------- field in this struct
451 |     pub current: u32,
    |         ^^^^^^^
    |
    = note: `TurnCounter` has derived impls for the traits `Clone` and `Debug`, but these are intentionally ignored during dead code analysis

warning: fields `alive`, `negative_layers`, and `pending_negative` are never read
   --> src\battle_round.rs:456:9
    |
455 | pub struct BattlePresence {
    |            -------------- fields in this struct
456 |     pub alive: bool,
    |         ^^^^^
457 |     pub negative_layers: u32,
    |         ^^^^^^^^^^^^^^^
458 |     pub pending_negative: bool,
    |         ^^^^^^^^^^^^^^^^
    |
    = note: `BattlePresence` has derived impls for the traits `Clone` and `Debug`, but these are intentionally ignored during dead code analysis

warning: fields `hp`, `max_hp`, `mp`, `max_mp`, `hp_regen`, and `mp_regen` are never read
   --> src\battle_round.rs:463:9
    |
462 | pub struct BattleVitals {
    |            ------------ fields in this struct
463 |     pub hp: f32,
    |         ^^
464 |     pub max_hp: f32,
    |         ^^^^^^
465 |     pub mp: f32,
    |         ^^
466 |     pub max_mp: f32,
    |         ^^^^^^
467 |     pub hp_regen: f32,
    |         ^^^^^^^^
468 |     pub mp_regen: f32,
    |         ^^^^^^^^
    |
    = note: `BattleVitals` has derived impls for the traits `Clone` and `Debug`, but these are intentionally ignored during dead code analysis

warning: method `advance_participant` is never used
    --> src\battle_round.rs:4163:8
     |
2816 | impl BattleRoundStore {
     | --------------------- method in this implementation
...
4163 |     fn advance_participant(&mut self, encounter_id: &str, target_id: &str, resume: bool) -> bool {
     |        ^^^^^^^^^^^^^^^^^^^

warning: variant `Connected` is never constructed
  --> src\napcat\mod.rs:91:5
   |
88 | pub enum ConnectionState {
   |          --------------- variant in this enum
...
91 |     Connected,
   |     ^^^^^^^^^
   |
   = note: `ConnectionState` has derived impls for the traits `Clone` and `Debug`, but these are intentionally ignored during dead code analysis

warning: function `low_hp_damage_multiplier` is never used
    --> src\napcat\mod.rs:8008:8
     |
8008 | pub fn low_hp_damage_multiplier(hp: f32, max_hp: f32) -> f32 {
     |        ^^^^^^^^^^^^^^^^^^^^^^^^

warning: field `images` is never read
   --> src\ui\mod.rs:794:5
    |
793 | pub struct GIFImages {
    |            --------- field in this struct
794 |     images: HashMap<String, Vec<(TextureHandle, u32)>>,
    |     ^^^^^^

warning: struct `CircleImageButton` is never constructed
   --> src\ui\mod.rs:919:12
    |
919 | pub struct CircleImageButton {
    |            ^^^^^^^^^^^^^^^^^

warning: associated function `new` is never used
   --> src\ui\mod.rs:930:12
    |
929 | impl CircleImageButton {
    | ---------------------- associated function in this implementation
930 |     pub fn new(image: egui::TextureId, size: f32) -> Self { Self { image, size } }
    |            ^^^

warning: `willowblossom` (lib) generated 11 warnings
    Finished `dev` profile [optimized + debuginfo] target(s) in 56.03s
warning: the following packages contain code that will be rejected by a future version of Rust: proc-macro-error2 v2.0.1
note: to see what the problems were, use the option `--future-incompat-report`, or run `cargo report future-incompatibilities --id 1`
     Running `target\debug\willowblossom.exe`
[2m2026-07-23T08:04:36.001476Z[0m [32m INFO[0m [2mbevy_diagnostic::system_information_diagnostics_plugin::internal[0m[2m:[0m SystemInfo { os: "Windows 11 Pro", kernel: "26200", cpu: "AMD Ryzen 9 7950X 16-Core Processor", core_count: "16", memory: "31.1 GiB" }
[2m2026-07-23T08:04:36.660290Z[0m [32m INFO[0m [2mbevy_render::renderer[0m[2m:[0m AdapterInfo { name: "NVIDIA GeForce RTX 4070 Ti", vendor: 4318, device: 10114, device_type: DiscreteGpu, device_pci_bus_id: "0000:01:00.0", driver: "NVIDIA", driver_info: "591.86", backend: Vulkan, subgroup_min_size: 32, subgroup_max_size: 32, transient_saves_memory: false }
[2m2026-07-23T08:04:36.899136Z[0m [32m INFO[0m [2mbevy_pbr::cluster[0m[2m:[0m GPU clustering is supported on this device.
[2m2026-07-23T08:04:36.899404Z[0m [32m INFO[0m [2mbevy_render::batching::gpu_preprocessing[0m[2m:[0m GPU preprocessing is fully supported on this device.
[2m2026-07-23T08:04:36.899863Z[0m [32m INFO[0m [2mbevy_egui::render[0m[2m:[0m Using bindless_mode_array_size 16 (Device maximum 1048576)
[2m2026-07-23T08:04:36.900228Z[0m [32m INFO[0m [2mbevy_winit::system[0m[2m:[0m Creating new window 柳絮，只是另一个跑团软件 (65v0)
[2m2026-07-23T08:04:37.331411Z[0m [33m WARN[0m [2mbevy_app::hierarchy[0m[2m:[0m warning[B0004]: Entity 868v0 with the InheritedVisibility component has a parent (866v0 entity) without InheritedVisibility.
This will cause inconsistent behaviors! See: https://bevy.org/learn/errors/b0004
[2m2026-07-23T08:04:37.331681Z[0m [33m WARN[0m [2mbevy_app::hierarchy[0m[2m:[0m warning[B0004]: Entity 869v0 with the InheritedVisibility component has a parent (866v0 entity) without InheritedVisibility.
This will cause inconsistent behaviors! See: https://bevy.org/learn/errors/b0004
[2m2026-07-23T08:04:37.331748Z[0m [33m WARN[0m [2mbevy_app::hierarchy[0m[2m:[0m warning[B0004]: Entity 870v0 with the InheritedVisibility component has a parent (866v0 entity) without InheritedVisibility.
This will cause inconsistent behaviors! See: https://bevy.org/learn/errors/b0004
[2m2026-07-23T08:04:37.331808Z[0m [33m WARN[0m [2mbevy_app::hierarchy[0m[2m:[0m warning[B0004]: Entity 871v0 with the InheritedVisibility component has a parent (866v0 entity) without InheritedVisibility.
This will cause inconsistent behaviors! See: https://bevy.org/learn/errors/b0004
[2m2026-07-23T08:04:37.331869Z[0m [33m WARN[0m [2mbevy_app::hierarchy[0m[2m:[0m warning[B0004]: Entity 872v0 with the InheritedVisibility component has a parent (866v0 entity) without InheritedVisibility.
This will cause inconsistent behaviors! See: https://bevy.org/learn/errors/b0004
[2m2026-07-23T08:04:37.331929Z[0m [33m WARN[0m [2mbevy_app::hierarchy[0m[2m:[0m warning[B0004]: Entity 873v0 with the InheritedVisibility component has a parent (866v0 entity) without InheritedVisibility.
This will cause inconsistent behaviors! See: https://bevy.org/learn/errors/b0004
[2m2026-07-23T08:04:37.331980Z[0m [33m WARN[0m [2mbevy_app::hierarchy[0m[2m:[0m warning[B0004]: Entity 874v0 with the InheritedVisibility component has a parent (866v0 entity) without InheritedVisibility.
This will cause inconsistent behaviors! See: https://bevy.org/learn/errors/b0004
[2m2026-07-23T08:04:37.332089Z[0m [33m WARN[0m [2mbevy_app::hierarchy[0m[2m:[0m warning[B0004]: Entity 875v0 with the InheritedVisibility component has a parent (866v0 entity) without InheritedVisibility.
This will cause inconsistent behaviors! See: https://bevy.org/learn/errors/b0004
[2m2026-07-23T08:04:37.332142Z[0m [33m WARN[0m [2mbevy_app::hierarchy[0m[2m:[0m warning[B0004]: Entity 877v0 with the InheritedVisibility component has a parent (876v0 entity) without InheritedVisibility.
This will cause inconsistent behaviors! See: https://bevy.org/learn/errors/b0004
[2m2026-07-23T08:04:37.332202Z[0m [33m WARN[0m [2mbevy_app::hierarchy[0m[2m:[0m warning[B0004]: Entity 878v0 with the InheritedVisibility component has a parent (876v0 entity) without InheritedVisibility.
This will cause inconsistent behaviors! See: https://bevy.org/learn/errors/b0004
[2m2026-07-23T08:04:37.332253Z[0m [33m WARN[0m [2mbevy_app::hierarchy[0m[2m:[0m warning[B0004]: Entity 879v0 with the InheritedVisibility component has a parent (876v0 entity) without InheritedVisibility.
This will cause inconsistent behaviors! See: https://bevy.org/learn/errors/b0004
[2m2026-07-23T08:04:37.332304Z[0m [33m WARN[0m [2mbevy_app::hierarchy[0m[2m:[0m warning[B0004]: Entity 880v0 with the InheritedVisibility component has a parent (876v0 entity) without InheritedVisibility.
This will cause inconsistent behaviors! See: https://bevy.org/learn/errors/b0004
[2m2026-07-23T08:04:37.332354Z[0m [33m WARN[0m [2mbevy_app::hierarchy[0m[2m:[0m warning[B0004]: Entity 881v0 with the InheritedVisibility component has a parent (876v0 entity) without InheritedVisibility.
This will cause inconsistent behaviors! See: https://bevy.org/learn/errors/b0004
[2m2026-07-23T08:04:37.332404Z[0m [33m WARN[0m [2mbevy_app::hierarchy[0m[2m:[0m warning[B0004]: Entity 882v0 with the InheritedVisibility component has a parent (876v0 entity) without InheritedVisibility.
This will cause inconsistent behaviors! See: https://bevy.org/learn/errors/b0004
[2m2026-07-23T08:04:37.332454Z[0m [33m WARN[0m [2mbevy_app::hierarchy[0m[2m:[0m warning[B0004]: Entity 883v0 with the InheritedVisibility component has a parent (876v0 entity) without InheritedVisibility.
This will cause inconsistent behaviors! See: https://bevy.org/learn/errors/b0004
[2m2026-07-23T08:04:37.332507Z[0m [33m WARN[0m [2mbevy_app::hierarchy[0m[2m:[0m warning[B0004]: Entity 884v0 with the InheritedVisibility component has a parent (876v0 entity) without InheritedVisibility.
This will cause inconsistent behaviors! See: https://bevy.org/learn/errors/b0004
[2m2026-07-23T08:04:37.332557Z[0m [33m WARN[0m [2mbevy_app::hierarchy[0m[2m:[0m warning[B0004]: Entity 885v0 with the InheritedVisibility component has a parent (876v0 entity) without InheritedVisibility.
This will cause inconsistent behaviors! See: https://bevy.org/learn/errors/b0004
[2m2026-07-23T08:04:37.332607Z[0m [33m WARN[0m [2mbevy_app::hierarchy[0m[2m:[0m warning[B0004]: Entity 886v0 with the InheritedVisibility component has a parent (876v0 entity) without InheritedVisibility.
This will cause inconsistent behaviors! See: https://bevy.org/learn/errors/b0004
[2m2026-07-23T08:04:37.332657Z[0m [33m WARN[0m [2mbevy_app::hierarchy[0m[2m:[0m warning[B0004]: Entity 887v0 with the InheritedVisibility component has a parent (876v0 entity) without InheritedVisibility.
This will cause inconsistent behaviors! See: https://bevy.org/learn/errors/b0004
[2m2026-07-23T08:04:37.332706Z[0m [33m WARN[0m [2mbevy_app::hierarchy[0m[2m:[0m warning[B0004]: Entity 888v0 with the InheritedVisibility component has a parent (876v0 entity) without InheritedVisibility.
This will cause inconsistent behaviors! See: https://bevy.org/learn/errors/b0004
[2m2026-07-23T08:04:37.332756Z[0m [33m WARN[0m [2mbevy_app::hierarchy[0m[2m:[0m warning[B0004]: Entity 889v0 with the InheritedVisibility component has a parent (876v0 entity) without InheritedVisibility.
This will cause inconsistent behaviors! See: https://bevy.org/learn/errors/b0004
[2m2026-07-23T08:04:37.332817Z[0m [33m WARN[0m [2mbevy_app::hierarchy[0m[2m:[0m warning[B0004]: Entity 890v0 with the InheritedVisibility component has a parent (876v0 entity) without InheritedVisibility.
This will cause inconsistent behaviors! See: https://bevy.org/learn/errors/b0004
[2m2026-07-23T08:04:37.332867Z[0m [33m WARN[0m [2mbevy_app::hierarchy[0m[2m:[0m warning[B0004]: Entity 891v0 with the InheritedVisibility component has a parent (876v0 entity) without InheritedVisibility.
This will cause inconsistent behaviors! See: https://bevy.org/learn/errors/b0004
[2m2026-07-23T08:04:37.332918Z[0m [33m WARN[0m [2mbevy_app::hierarchy[0m[2m:[0m warning[B0004]: Entity 892v0 with the InheritedVisibility component has a parent (876v0 entity) without InheritedVisibility.
This will cause inconsistent behaviors! See: https://bevy.org/learn/errors/b0004
[2m2026-07-23T08:04:37.332967Z[0m [33m WARN[0m [2mbevy_app::hierarchy[0m[2m:[0m warning[B0004]: Entity 893v0 with the InheritedVisibility component has a parent (876v0 entity) without InheritedVisibility.
This will cause inconsistent behaviors! See: https://bevy.org/learn/errors/b0004
[2m2026-07-23T08:04:37.333017Z[0m [33m WARN[0m [2mbevy_app::hierarchy[0m[2m:[0m warning[B0004]: Entity 894v0 with the InheritedVisibility component has a parent (876v0 entity) without InheritedVisibility.
This will cause inconsistent behaviors! See: https://bevy.org/learn/errors/b0004
[2m2026-07-23T08:04:37.333067Z[0m [33m WARN[0m [2mbevy_app::hierarchy[0m[2m:[0m warning[B0004]: Entity 895v0 with the InheritedVisibility component has a parent (876v0 entity) without InheritedVisibility.
This will cause inconsistent behaviors! See: https://bevy.org/learn/errors/b0004
[2m2026-07-23T08:04:37.333118Z[0m [33m WARN[0m [2mbevy_app::hierarchy[0m[2m:[0m warning[B0004]: Entity 896v0 with the InheritedVisibility component has a parent (876v0 entity) without InheritedVisibility.
This will cause inconsistent behaviors! See: https://bevy.org/learn/errors/b0004
[2m2026-07-23T08:04:37.333167Z[0m [33m WARN[0m [2mbevy_app::hierarchy[0m[2m:[0m warning[B0004]: Entity 897v0 with the InheritedVisibility component has a parent (876v0 entity) without InheritedVisibility.
This will cause inconsistent behaviors! See: https://bevy.org/learn/errors/b0004
[2m2026-07-23T08:04:37.333217Z[0m [33m WARN[0m [2mbevy_app::hierarchy[0m[2m:[0m warning[B0004]: Entity 898v0 with the InheritedVisibility component has a parent (876v0 entity) without InheritedVisibility.
This will cause inconsistent behaviors! See: https://bevy.org/learn/errors/b0004
[2m2026-07-23T08:04:37.333266Z[0m [33m WARN[0m [2mbevy_app::hierarchy[0m[2m:[0m warning[B0004]: Entity 899v0 with the InheritedVisibility component has a parent (876v0 entity) without InheritedVisibility.
This will cause inconsistent behaviors! See: https://bevy.org/learn/errors/b0004
[2m2026-07-23T08:04:37.333315Z[0m [33m WARN[0m [2mbevy_app::hierarchy[0m[2m:[0m warning[B0004]: Entity 900v0 with the InheritedVisibility component has a parent (876v0 entity) without InheritedVisibility.
This will cause inconsistent behaviors! See: https://bevy.org/learn/errors/b0004
[2m2026-07-23T08:04:38.896712Z[0m [33m WARN[0m [2mavian3d::dynamics::rigid_body::mass_properties[0m[2m:[0m Dynamic rigid body 901v0 has no mass or inertia. This can cause NaN values. Consider adding a `MassPropertiesBundle` or a `Collider` with mass.
connected to NapCat websocket at ws://localhost:3001
[2m2026-07-23T08:04:45.625723Z[0m [33m WARN[0m [2mavian3d::dynamics::rigid_body::mass_properties[0m[2m:[0m Dynamic rigid body 901v0 has no mass or inertia. This can cause NaN values. Consider adding a `MassPropertiesBundle` or a `Collider` with mass.
NapCat websocket response was not a persisted chat message: {"time":1784793909,"self_id":3432505351,"post_type":"meta_event","meta_event_type":"heartbeat","status":{"online":true,"good":true},"interval":30000}; parse error: Some(Error("missing field `message_type`", line: 1, column: 149))
NapCat websocket response was not a persisted chat message: {"time":1784793939,"self_id":3432505351,"post_type":"meta_event","meta_event_type":"heartbeat","status":{"online":true,"good":true},"interval":30000}; parse error: Some(Error("missing field `message_type`", line: 1, column: 149))
[2m2026-07-23T08:06:06.750601Z[0m [33m WARN[0m [2mavian3d::dynamics::rigid_body::mass_properties[0m[2m:[0m Dynamic rigid body 901v0 has no mass or inertia. This can cause NaN values. Consider adding a `MassPropertiesBundle` or a `Collider` with mass.
NapCat websocket response was not a persisted chat message: {"time":1784793969,"self_id":3432505351,"post_type":"meta_event","meta_event_type":"heartbeat","status":{"online":true,"good":true},"interval":30000}; parse error: Some(Error("missing field `message_type`", line: 1, column: 149))
[2m2026-07-23T08:06:33.049428Z[0m [33m WARN[0m [2mavian3d::dynamics::rigid_body::mass_properties[0m[2m:[0m Dynamic rigid body 901v0 has no mass or inertia. This can cause NaN values. Consider adding a `MassPropertiesBundle` or a `Collider` with mass.
NapCat websocket response was not a persisted chat message: {"time":1784793999,"self_id":3432505351,"post_type":"meta_event","meta_event_type":"heartbeat","status":{"online":true,"good":true},"interval":30000}; parse error: Some(Error("missing field `message_type`", line: 1, column: 149))
NapCat websocket response was not a persisted chat message: {"time":1784794029,"self_id":3432505351,"post_type":"meta_event","meta_event_type":"heartbeat","status":{"online":true,"good":true},"interval":30000}; parse error: Some(Error("missing field `message_type`", line: 1, column: 149))
NapCat websocket response was not a persisted chat message: {"time":1784794059,"self_id":3432505351,"post_type":"meta_event","meta_event_type":"heartbeat","status":{"online":true,"good":true},"interval":30000}; parse error: Some(Error("missing field `message_type`", line: 1, column: 149))
[2m2026-07-23T08:07:42.271379Z[0m [33m WARN[0m [2mavian3d::dynamics::rigid_body::mass_properties[0m[2m:[0m Dynamic rigid body 901v0 has no mass or inertia. This can cause NaN values. Consider adding a `MassPropertiesBundle` or a `Collider` with mass.
NapCat websocket response was not a persisted chat message: {"time":1784794089,"self_id":3432505351,"post_type":"meta_event","meta_event_type":"heartbeat","status":{"online":true,"good":true},"interval":30000}; parse error: Some(Error("missing field `message_type`", line: 1, column: 149))
NapCat websocket response was not a persisted chat message: {"time":1784794119,"self_id":3432505351,"post_type":"meta_event","meta_event_type":"heartbeat","status":{"online":true,"good":true},"interval":30000}; parse error: Some(Error("missing field `message_type`", line: 1, column: 149))
[2m2026-07-23T08:08:59.598237Z[0m [33m WARN[0m [2mavian3d::dynamics::rigid_body::mass_properties[0m[2m:[0m Dynamic rigid body 901v0 has no mass or inertia. This can cause NaN values. Consider adding a `MassPropertiesBundle` or a `Collider` with mass.
NapCat websocket response was not a persisted chat message: {"time":1784794149,"self_id":3432505351,"post_type":"meta_event","meta_event_type":"heartbeat","status":{"online":true,"good":true},"interval":30000}; parse error: Some(Error("missing field `message_type`", line: 1, column: 149))
[2m2026-07-23T08:09:17.702313Z[0m [33m WARN[0m [2mavian3d::dynamics::rigid_body::mass_properties[0m[2m:[0m Dynamic rigid body 901v0 has no mass or inertia. This can cause NaN values. Consider adding a `MassPropertiesBundle` or a `Collider` with mass.
NapCat websocket response was not a persisted chat message: {"time":1784794179,"self_id":3432505351,"post_type":"meta_event","meta_event_type":"heartbeat","status":{"online":true,"good":true},"interval":30000}; parse error: Some(Error("missing field `message_type`", line: 1, column: 149))
[2m2026-07-23T08:09:48.348145Z[0m [33m WARN[0m [2mavian3d::dynamics::rigid_body::mass_properties[0m[2m:[0m Dynamic rigid body 901v0 has no mass or inertia. This can cause NaN values. Consider adding a `MassPropertiesBundle` or a `Collider` with mass.
NapCat websocket response was not a persisted chat message: {"time":1784794209,"self_id":3432505351,"post_type":"meta_event","meta_event_type":"heartbeat","status":{"online":true,"good":true},"interval":30000}; parse error: Some(Error("missing field `message_type`", line: 1, column: 149))
NapCat websocket response was not a persisted chat message: {"time":1784794239,"self_id":3432505351,"post_type":"meta_event","meta_event_type":"heartbeat","status":{"online":true,"good":true},"interval":30000}; parse error: Some(Error("missing field `message_type`", line: 1, column: 149))
NapCat websocket response was not a persisted chat message: {"time":1784794269,"self_id":3432505351,"post_type":"meta_event","meta_event_type":"heartbeat","status":{"online":true,"good":true},"interval":30000}; parse error: Some(Error("missing field `message_type`", line: 1, column: 149))
[2m2026-07-23T08:11:37.986886Z[0m [33m WARN[0m [2mavian3d::dynamics::rigid_body::mass_properties[0m[2m:[0m Dynamic rigid body 901v0 has no mass or inertia. This can cause NaN values. Consider adding a `MassPropertiesBundle` or a `Collider` with mass.
NapCat websocket response was not a persisted chat message: {"time":1784794299,"self_id":3432505351,"post_type":"meta_event","meta_event_type":"heartbeat","status":{"online":true,"good":true},"interval":30000}; parse error: Some(Error("missing field `message_type`", line: 1, column: 149))
[2m2026-07-23T08:11:56.646703Z[0m [33m WARN[0m [2mavian3d::dynamics::rigid_body::mass_properties[0m[2m:[0m Dynamic rigid body 901v0 has no mass or inertia. This can cause NaN values. Consider adding a `MassPropertiesBundle` or a `Collider` with mass.
NapCat websocket response was not a persisted chat message: {"time":1784794329,"self_id":3432505351,"post_type":"meta_event","meta_event_type":"heartbeat","status":{"online":true,"good":true},"interval":30000}; parse error: Some(Error("missing field `message_type`", line: 1, column: 149))
NapCat websocket response was not a persisted chat message: {"time":1784794359,"self_id":3432505351,"post_type":"meta_event","meta_event_type":"heartbeat","status":{"online":true,"good":true},"interval":30000}; parse error: Some(Error("missing field `message_type`", line: 1, column: 149))
NapCat websocket response was not a persisted chat message: {"time":1784794389,"self_id":3432505351,"post_type":"meta_event","meta_event_type":"heartbeat","status":{"online":true,"good":true},"interval":30000}; parse error: Some(Error("missing field `message_type`", line: 1, column: 149))
NapCat websocket response was not a persisted chat message: {"time":1784794419,"self_id":3432505351,"post_type":"meta_event","meta_event_type":"heartbeat","status":{"online":true,"good":true},"interval":30000}; parse error: Some(Error("missing field `message_type`", line: 1, column: 149))
[2m2026-07-23T08:13:45.727760Z[0m [33m WARN[0m [2mavian3d::dynamics::rigid_body::mass_properties[0m[2m:[0m Dynamic rigid body 901v0 has no mass or inertia. This can cause NaN values. Consider adding a `MassPropertiesBundle` or a `Collider` with mass.
NapCat websocket response was not a persisted chat message: {"time":1784794449,"self_id":3432505351,"post_type":"meta_event","meta_event_type":"heartbeat","status":{"online":true,"good":true},"interval":30000}; parse error: Some(Error("missing field `message_type`", line: 1, column: 149))
[2m2026-07-23T08:14:11.709267Z[0m [33m WARN[0m [2mavian3d::dynamics::rigid_body::mass_properties[0m[2m:[0m Dynamic rigid body 901v0 has no mass or inertia. This can cause NaN values. Consider adding a `MassPropertiesBundle` or a `Collider` with mass.
NapCat websocket response was not a persisted chat message: {"time":1784794479,"self_id":3432505351,"post_type":"meta_event","meta_event_type":"heartbeat","status":{"online":true,"good":true},"interval":30000}; parse error: Some(Error("missing field `message_type`", line: 1, column: 149))
NapCat websocket response was not a persisted chat message: {"time":1784794509,"self_id":3432505351,"post_type":"meta_event","meta_event_type":"heartbeat","status":{"online":true,"good":true},"interval":30000}; parse error: Some(Error("missing field `message_type`", line: 1, column: 149))
NapCat websocket response was not a persisted chat message: {"time":1784794539,"self_id":3432505351,"post_type":"meta_event","meta_event_type":"heartbeat","status":{"online":true,"good":true},"interval":30000}; parse error: Some(Error("missing field `message_type`", line: 1, column: 149))
NapCat websocket response was not a persisted chat message: {"time":1784794569,"self_id":3432505351,"post_type":"meta_event","meta_event_type":"heartbeat","status":{"online":true,"good":true},"interval":30000}; parse error: Some(Error("missing field `message_type`", line: 1, column: 149))
NapCat websocket response was not a persisted chat message: {"time":1784794599,"self_id":3432505351,"post_type":"meta_event","meta_event_type":"heartbeat","status":{"online":true,"good":true},"interval":30000}; parse error: Some(Error("missing field `message_type`", line: 1, column: 149))
NapCat websocket response was not a persisted chat message: {"time":1784794629,"self_id":3432505351,"post_type":"meta_event","meta_event_type":"heartbeat","status":{"online":true,"good":true},"interval":30000}; parse error: Some(Error("missing field `message_type`", line: 1, column: 149))
NapCat websocket response was not a persisted chat message: {"time":1784794659,"self_id":3432505351,"post_type":"meta_event","meta_event_type":"heartbeat","status":{"online":true,"good":true},"interval":30000}; parse error: Some(Error("missing field `message_type`", line: 1, column: 149))
[2m2026-07-23T08:17:46.785687Z[0m [33m WARN[0m [2mavian3d::dynamics::rigid_body::mass_properties[0m[2m:[0m Dynamic rigid body 901v0 has no mass or inertia. This can cause NaN values. Consider adding a `MassPropertiesBundle` or a `Collider` with mass.
[2m2026-07-23T08:17:48.736970Z[0m [33m WARN[0m [2mavian3d::dynamics::rigid_body::mass_properties[0m[2m:[0m Dynamic rigid body 901v0 has no mass or inertia. This can cause NaN values. Consider adding a `MassPropertiesBundle` or a `Collider` with mass.
[2m2026-07-23T08:17:55.223064Z[0m [33m WARN[0m [2mavian3d::dynamics::rigid_body::mass_properties[0m[2m:[0m Dynamic rigid body 901v0 has no mass or inertia. This can cause NaN values. Consider adding a `MassPropertiesBundle` or a `Collider` with mass.
[2m2026-07-23T08:17:59.334250Z[0m [33m WARN[0m [2mavian3d::dynamics::rigid_body::mass_properties[0m[2m:[0m Dynamic rigid body 901v0 has no mass or inertia. This can cause NaN values. Consider adding a `MassPropertiesBundle` or a `Collider` with mass.
[2m2026-07-23T08:18:05.584115Z[0m [33m WARN[0m [2mavian3d::dynamics::rigid_body::mass_properties[0m[2m:[0m Dynamic rigid body 901v0 has no mass or inertia. This can cause NaN values. Consider adding a `MassPropertiesBundle` or a `Collider` with mass.
[2m2026-07-23T08:18:07.521742Z[0m [33m WARN[0m [2mavian3d::dynamics::rigid_body::mass_properties[0m[2m:[0m Dynamic rigid body 901v0 has no mass or inertia. This can cause NaN values. Consider adding a `MassPropertiesBundle` or a `Collider` with mass.
NapCat websocket response was not a persisted chat message: {"time":1784794689,"self_id":3432505351,"post_type":"meta_event","meta_event_type":"heartbeat","status":{"online":true,"good":true},"interval":30000}; parse error: Some(Error("missing field `message_type`", line: 1, column: 149))
[2m2026-07-23T08:18:12.799459Z[0m [33m WARN[0m [2mavian3d::dynamics::rigid_body::mass_properties[0m[2m:[0m Dynamic rigid body 901v0 has no mass or inertia. This can cause NaN values. Consider adding a `MassPropertiesBundle` or a `Collider` with mass.
[2m2026-07-23T08:18:16.625899Z[0m [33m WARN[0m [2mavian3d::dynamics::rigid_body::mass_properties[0m[2m:[0m Dynamic rigid body 901v0 has no mass or inertia. This can cause NaN values. Consider adding a `MassPropertiesBundle` or a `Collider` with mass.
[2m2026-07-23T08:18:20.535888Z[0m [33m WARN[0m [2mavian3d::dynamics::rigid_body::mass_properties[0m[2m:[0m Dynamic rigid body 901v0 has no mass or inertia. This can cause NaN values. Consider adding a `MassPropertiesBundle` or a `Collider` with mass.
[2m2026-07-23T08:18:34.473110Z[0m [33m WARN[0m [2mavian3d::dynamics::rigid_body::mass_properties[0m[2m:[0m Dynamic rigid body 901v0 has no mass or inertia. This can cause NaN values. Consider adding a `MassPropertiesBundle` or a `Collider` with mass.
NapCat websocket response was not a persisted chat message: {"time":1784794719,"self_id":3432505351,"post_type":"meta_event","meta_event_type":"heartbeat","status":{"online":true,"good":true},"interval":30000}; parse error: Some(Error("missing field `message_type`", line: 1, column: 149))
[2m2026-07-23T08:18:47.299622Z[0m [33m WARN[0m [2mavian3d::dynamics::rigid_body::mass_properties[0m[2m:[0m Dynamic rigid body 901v0 has no mass or inertia. This can cause NaN values. Consider adding a `MassPropertiesBundle` or a `Collider` with mass.
[2m2026-07-23T08:18:51.736951Z[0m [33m WARN[0m [2mavian3d::dynamics::rigid_body::mass_properties[0m[2m:[0m Dynamic rigid body 901v0 has no mass or inertia. This can cause NaN values. Consider adding a `MassPropertiesBundle` or a `Collider` with mass.
[2m2026-07-23T08:18:54.064369Z[0m [33m WARN[0m [2mavian3d::dynamics::rigid_body::mass_properties[0m[2m:[0m Dynamic rigid body 901v0 has no mass or inertia. This can cause NaN values. Consider adding a `MassPropertiesBundle` or a `Collider` with mass.
NapCat websocket response was not a persisted chat message: {"time":1784794749,"self_id":3432505351,"post_type":"meta_event","meta_event_type":"heartbeat","status":{"online":true,"good":true},"interval":30000}; parse error: Some(Error("missing field `message_type`", line: 1, column: 149))
[2m2026-07-23T08:19:27.973075Z[0m [33m WARN[0m [2mavian3d::dynamics::rigid_body::mass_properties[0m[2m:[0m Dynamic rigid body 901v0 has no mass or inertia. This can cause NaN values. Consider adding a `MassPropertiesBundle` or a `Collider` with mass.
[2m2026-07-23T08:19:39.049557Z[0m [33m WARN[0m [2mavian3d::dynamics::rigid_body::mass_properties[0m[2m:[0m Dynamic rigid body 901v0 has no mass or inertia. This can cause NaN values. Consider adding a `MassPropertiesBundle` or a `Collider` with mass.
NapCat websocket response was not a persisted chat message: {"time":1784794779,"self_id":3432505351,"post_type":"meta_event","meta_event_type":"heartbeat","status":{"online":true,"good":true},"interval":30000}; parse error: Some(Error("missing field `message_type`", line: 1, column: 149))
[2m2026-07-23T08:19:43.424847Z[0m [33m WARN[0m [2mavian3d::dynamics::rigid_body::mass_properties[0m[2m:[0m Dynamic rigid body 901v0 has no mass or inertia. This can cause NaN values. Consider adding a `MassPropertiesBundle` or a `Collider` with mass.
[2m2026-07-23T08:19:52.486981Z[0m [33m WARN[0m [2mavian3d::dynamics::rigid_body::mass_properties[0m[2m:[0m Dynamic rigid body 901v0 has no mass or inertia. This can cause NaN values. Consider adding a `MassPropertiesBundle` or a `Collider` with mass.
[2m2026-07-23T08:19:56.223191Z[0m [33m WARN[0m [2mavian3d::dynamics::rigid_body::mass_properties[0m[2m:[0m Dynamic rigid body 901v0 has no mass or inertia. This can cause NaN values. Consider adding a `MassPropertiesBundle` or a `Collider` with mass.
NapCat websocket response was not a persisted chat message: {"time":1784794809,"self_id":3432505351,"post_type":"meta_event","meta_event_type":"heartbeat","status":{"online":true,"good":true},"interval":30000}; parse error: Some(Error("missing field `message_type`", line: 1, column: 149))
NapCat websocket response was not a persisted chat message: {"time":1784794839,"self_id":3432505351,"post_type":"meta_event","meta_event_type":"heartbeat","status":{"online":true,"good":true},"interval":30000}; parse error: Some(Error("missing field `message_type`", line: 1, column: 149))
NapCat websocket response was not a persisted chat message: {"time":1784794869,"self_id":3432505351,"post_type":"meta_event","meta_event_type":"heartbeat","status":{"online":true,"good":true},"interval":30000}; parse error: Some(Error("missing field `message_type`", line: 1, column: 149))
NapCat websocket response was not a persisted chat message: {"time":1784794899,"self_id":3432505351,"post_type":"meta_event","meta_event_type":"heartbeat","status":{"online":true,"good":true},"interval":30000}; parse error: Some(Error("missing field `message_type`", line: 1, column: 149))
NapCat websocket response was not a persisted chat message: {"time":1784794929,"self_id":3432505351,"post_type":"meta_event","meta_event_type":"heartbeat","status":{"online":true,"good":true},"interval":30000}; parse error: Some(Error("missing field `message_type`", line: 1, column: 149))
NapCat websocket response was not a persisted chat message: {"time":1784794959,"self_id":3432505351,"post_type":"meta_event","meta_event_type":"heartbeat","status":{"online":true,"good":true},"interval":30000}; parse error: Some(Error("missing field `message_type`", line: 1, column: 149))
NapCat websocket response was not a persisted chat message: {"time":1784794989,"self_id":3432505351,"post_type":"meta_event","meta_event_type":"heartbeat","status":{"online":true,"good":true},"interval":30000}; parse error: Some(Error("missing field `message_type`", line: 1, column: 149))
NapCat websocket response was not a persisted chat message: {"time":1784795019,"self_id":3432505351,"post_type":"meta_event","meta_event_type":"heartbeat","status":{"online":true,"good":true},"interval":30000}; parse error: Some(Error("missing field `message_type`", line: 1, column: 149))
NapCat websocket response was not a persisted chat message: {"time":1784795049,"self_id":3432505351,"post_type":"meta_event","meta_event_type":"heartbeat","status":{"online":true,"good":true},"interval":30000}; parse error: Some(Error("missing field `message_type`", line: 1, column: 149))
NapCat websocket response was not a persisted chat message: {"time":1784795079,"self_id":3432505351,"post_type":"meta_event","meta_event_type":"heartbeat","status":{"online":true,"good":true},"interval":30000}; parse error: Some(Error("missing field `message_type`", line: 1, column: 149))
NapCat websocket response was not a persisted chat message: {"time":1784795109,"self_id":3432505351,"post_type":"meta_event","meta_event_type":"heartbeat","status":{"online":true,"good":true},"interval":30000}; parse error: Some(Error("missing field `message_type`", line: 1, column: 149))
[2m2026-07-23T08:25:33.662505Z[0m [32m INFO[0m [2mbevy_window::system[0m[2m:[0m No windows are open, exiting
[2m2026-07-23T08:25:33.663009Z[0m [32m INFO[0m [2mbevy_winit::system[0m[2m:[0m Closing window 65v0
